>>> matrix_divided = __import__('2-matrix_divided').matrix_divided

>>> matrix = [[1, 2, 3], [4, 5, 6]]
>>> print(matrix_divided(matrix, "hello"))
Traceback (most recent call last):
  File "./2-matrix_divided.py", line 75, in <module>
    print(matrix_divided(matrix, "hello"))
  File "./2-matrix_divided.py", line 43, in matrix_divided
    raise TypeError("div must be a number")
TypeError: div must be a number
>>> matrix = [[1, 2, 3], [4, 5, 6]]
>>> print(matrix_divided(matrix, "4"))
Traceback (most recent call last):
  File "./2-matrix_divided.py", line 77, in <module>
    print(matrix_divided(matrix, "4"))
  File "./2-matrix_divided.py", line 43, in matrix_divided
    raise TypeError("div must be a number")
TypeError: div must be a number
>>> matrix = [[1, 2, 3], [4, 5, 6]]
>>> print(matrix_divided(matrix, 0))
Traceback (most recent call last):
  File "./2-matrix_divided.py", line 79, in <module>
    print(matrix_divided(matrix, 0))
  File "./2-matrix_divided.py", line 45, in matrix_divided
    raise ZeroDivisionError("division by zero")
ZeroDivisionError: division by zero
>>> matrix = [[1, 2, 3], [4, 5, 6], "3"]
>>> print(matrix_divided(matrix, 3))
Traceback (most recent call last):
  File "./2-matrix_divided.py", line 81, in <module>
    print(matrix_divided(matrix, 3))
  File "./2-matrix_divided.py", line 48, in matrix_divided
    raise TypeError("matrix must be a matrix (list of lists) \
TypeError: matrix must be a matrix (list of lists) of integers/floats
>>> matrix = [[1, 2, 3], 20, [4, 5, 6]]
>>> print(matrix_divided(matrix, 3))
Traceback (most recent call last):
  File "./2-matrix_divided.py", line 83, in <module>
    print(matrix_divided(matrix, 3))
  File "./2-matrix_divided.py", line 48, in matrix_divided
    raise TypeError("matrix must be a matrix (list of lists) \
TypeError: matrix must be a matrix (list of lists) of integers/floats
>>> matrix = [[1, 2, 3], ["4", None, 6], [4, 5, 6]]
>>> print(matrix_divided(matrix, 3))
Traceback (most recent call last):
  File "./2-matrix_divided.py", line 85, in <module>
    print(matrix_divided(matrix, 3))
  File "./2-matrix_divided.py", line 53, in matrix_divided
    raise TypeError("matrix must be a matrix (list of lists) \
TypeError: matrix must be a matrix (list of lists) of integers/floats
>>> matrix = [[1, 2, 3], [1, 3, 4, 20], [4, 5, 6, 13]]
>>> print(matrix_divided(matrix, 3))
Traceback (most recent call last):
  File "./2-matrix_divided.py", line 87, in <module>
    print(matrix_divided(matrix, 3))
  File "./2-matrix_divided.py", line 61, in matrix_divided
    raise TypeError("Each row of the matrix must have the same size")
TypeError: Each row of the matrix must have the same size
